<!DOCTYPE html>
<html lang="fr">

<head>
    <title></title>
    <meta charset="utf-8" />
    <meta http-equiv="x-ua-compatible" content="ie=edge" />
    <meta name="viewport" content="width=device-width, initial-scale=1, minimum-scale=1, maximum-scale=1, user-scalable=no" />
    <!-- styles -->
</head>

<body>
    <div class="before-body">
        <!--[if lt IE 7]>
    <p class="browsehappy">You are using an <strong>outdated</strong> browser. Please <a href="http://browsehappy.com/">upgrade your browser</a> to improve your experience.</p>
    <![endif]-->
    </div>
    <div class="">
        <ul>
            <li>
                <a href="">Index 0 | count: 1 of 4</a>
                <span>0/0</span>
                <span>1/0</span>
            </li>
            <li>
                <a href="">Index 1 | count: 2 of 4</a>
                <span>0/1</span>
                <span>1/1</span>
            </li>
            <li>
                <a href="">Index 2 | count: 3 of 4</a>
                <span>0/2</span>
                <span>1/2</span>
            </li>
            <li>
                <a href="">Index 3 | count: 4 of 4</a>
                <span>0/3</span>
                <span>1/3</span>
            </li>
        </ul>
    </div>
    <div class="after-body"></div>
</body>

</html>
